C51 COMPILER V7.50   REAL_LCD                                                              04/01/2019 19:37:39 PAGE 1   


C51 COMPILER V7.50, COMPILATION OF MODULE REAL_LCD
OBJECT MODULE PLACED IN real_lcd.OBJ
COMPILER INVOKED BY: C:\Keil\C51\BIN\C51.EXE real_lcd.c ROM(COMPACT) BROWSE DEBUG OBJECTEXTEND CODE LISTINCLUDE SYMBOLS

line level    source

   1          #include "G:\emc\project\at89c51xd2.h"
   1      =1  /*H***************************************************************************
   2      =1  * NAME: AT89C51XD2.h           
   3      =1  *----------------------------------------------------------------------------
   4      =1  * PURPOSE: SFR Description file for AT89C51xD2 products 
   5      =1  *                               ON KEIL compiler
   6      =1  *****************************************************************************/
   7      =1  
   8      =1  #define Sfr(x, y)               sfr x = y
   9      =1  #define Sbit(x, y, z)   sbit x = y^z
  10      =1  #define Sfr16(x,y)          sfr16 x = y
  11      =1  
  12      =1  /*----------------------------------------*/
  13      =1  /* Include file for 8051 SFR Definitions  */
  14      =1  /*----------------------------------------*/
  15      =1  
  16      =1  /*  BYTE Register  */
  17      =1  Sfr (P0 , 0x80);        
  18      =1  
  19      =1  Sbit (P0_7 , 0x80, 7);
  20      =1  Sbit (P0_6 , 0x80, 6);
  21      =1  Sbit (P0_5 , 0x80, 5);
  22      =1  Sbit (P0_4 , 0x80, 4);
  23      =1  Sbit (P0_3 , 0x80, 3);
  24      =1  Sbit (P0_2 , 0x80, 2);
  25      =1  Sbit (P0_1 , 0x80, 1);
  26      =1  Sbit (P0_0 , 0x80, 0);
  27      =1  
  28      =1  Sfr (P1 , 0x90);        
  29      =1  
  30      =1  Sbit (P1_7 , 0x90, 7);
  31      =1  Sbit (P1_6 , 0x90, 6);
  32      =1  Sbit (P1_5 , 0x90, 5);
  33      =1  Sbit (P1_4 , 0x90, 4);
  34      =1  Sbit (P1_3 , 0x90, 3);
  35      =1  Sbit (P1_2 , 0x90, 2);
  36      =1  Sbit (P1_1 , 0x90, 1);
  37      =1  Sbit (P1_0 , 0x90, 0);
  38      =1  
  39      =1  
  40      =1  
  41      =1  Sfr (P2 , 0xA0); 
  42      =1  Sbit (P2_7 , 0xA0, 7);
  43      =1  Sbit (P2_6 , 0xA0, 6);
  44      =1  Sbit (P2_5 , 0xA0, 5);
  45      =1  Sbit (P2_4 , 0xA0, 4);
  46      =1  Sbit (P2_3 , 0xA0, 3);
  47      =1  Sbit (P2_2 , 0xA0, 2);
  48      =1  Sbit (P2_1 , 0xA0, 1);
  49      =1  Sbit (P2_0 , 0xA0, 0);
  50      =1  
  51      =1         
  52      =1  Sfr (P3 , 0xB0);        
  53      =1  
  54      =1  Sbit (P3_7 , 0xB0, 7);
C51 COMPILER V7.50   REAL_LCD                                                              04/01/2019 19:37:39 PAGE 2   

  55      =1  Sbit (P3_6 , 0xB0, 6);
  56      =1  Sbit (P3_5 , 0xB0, 5);
  57      =1  Sbit (P3_4 , 0xB0, 4);
  58      =1  Sbit (P3_3 , 0xB0, 3);
  59      =1  Sbit (P3_2 , 0xB0, 2);
  60      =1  Sbit (P3_1 , 0xB0, 1);
  61      =1  Sbit (P3_0 , 0xB0, 0);
  62      =1  
  63      =1  Sbit (RD , 0xB0, 7);
  64      =1  Sbit (WR , 0xB0, 6);
  65      =1  Sbit (T1 , 0xB0, 5);
  66      =1  Sbit (T0 , 0xB0, 4);
  67      =1  Sbit (INT1 , 0xB0, 3);
  68      =1  Sbit (INT0 , 0xB0, 2);
  69      =1  Sbit (TXD , 0xB0, 1);
  70      =1  Sbit (RXD , 0xB0, 0);
  71      =1  
  72      =1  Sfr (P4 , 0xC0);        
  73      =1  Sbit (P4_7 , 0xC0, 7);
  74      =1  Sbit (P4_6 , 0xC0, 6);
  75      =1  Sbit (P4_5 , 0xC0, 5);
  76      =1  Sbit (P4_4 , 0xC0, 4);
  77      =1  Sbit (P4_3 , 0xC0, 3);
  78      =1  Sbit (P4_2 , 0xC0, 2);
  79      =1  Sbit (P4_1 , 0xC0, 1);
  80      =1  Sbit (P4_0 , 0xC0, 0);
  81      =1  
  82      =1  Sfr (P5 , 0xE8);        
  83      =1  Sbit (P5_7 , 0xE8, 7);
  84      =1  Sbit (P5_6 , 0xE8, 6);
  85      =1  Sbit (P5_5 , 0xE8, 5);
  86      =1  Sbit (P5_4 , 0xE8, 4);
  87      =1  Sbit (P5_3 , 0xE8, 3);
  88      =1  Sbit (P5_2 , 0xE8, 2);
  89      =1  Sbit (P5_1 , 0xE8, 1);
  90      =1  Sbit (P5_0 , 0xE8, 0);
  91      =1  
  92      =1      
  93      =1  Sfr (PSW , 0xD0);       
  94      =1  
  95      =1  Sbit (CY  , 0xD0  , 7);
  96      =1  Sbit (AC  , 0xD0  , 6);
  97      =1  Sbit (F0  , 0xD0  , 5);
  98      =1  Sbit (RS1 , 0xD0  , 4);
  99      =1  Sbit (RS0 , 0xD0  , 3);
 100      =1  Sbit (OV  , 0xD0  , 2);
 101      =1  Sbit (UD  , 0xD0  , 1);
 102      =1  Sbit (P   , 0xD0  , 0);
 103      =1  
 104      =1  Sfr (ACC , 0xE0);       
 105      =1  Sfr (B , 0xF0); 
 106      =1  Sfr (SP , 0x81);        
 107      =1  Sfr (DPL , 0x82);       
 108      =1  Sfr (DPH , 0x83);       
 109      =1  
 110      =1  Sfr (PCON , 0x87);      
 111      =1  Sfr (CKCON0 , 0x8F);     
 112      =1  Sfr (CKCON1 , 0xAF);
 113      =1  
 114      =1  /*------------------ TIMERS registers ---------------------*/
 115      =1  Sfr (TCON , 0x88);
 116      =1  Sbit (TF1 , 0x88, 7);
C51 COMPILER V7.50   REAL_LCD                                                              04/01/2019 19:37:39 PAGE 3   

 117      =1  Sbit (TR1 , 0x88, 6);
 118      =1  Sbit (TF0 , 0x88, 5);
 119      =1  Sbit (TR0 , 0x88, 4);
 120      =1  Sbit (IE1 , 0x88, 3);
 121      =1  Sbit (IT1 , 0x88, 2);
 122      =1  Sbit (IE0 , 0x88, 1);
 123      =1  Sbit (IT0 , 0x88, 0);
 124      =1          
 125      =1  Sfr (TMOD , 0x89);      
 126      =1  
 127      =1  Sfr  (T2CON , 0xC8);
 128      =1  Sbit (TF2   , 0xC8, 7);
 129      =1  Sbit (EXF2  , 0xC8, 6);
 130      =1  Sbit (RCLK  , 0xC8, 5);
 131      =1  Sbit (TCLK  , 0xC8, 4);
 132      =1  Sbit (EXEN2 , 0xC8, 3);
 133      =1  Sbit (TR2   , 0xC8, 2);
 134      =1  Sbit (C_T2  , 0xC8, 1);
 135      =1  Sbit (CP_RL2, 0xC8, 0);
 136      =1          
 137      =1  Sfr (T2MOD , 0xC9);     
 138      =1  Sfr (TL0 , 0x8A);       
 139      =1  Sfr (TL1 , 0x8B);       
 140      =1  Sfr (TL2 , 0xCC);       
 141      =1  Sfr (TH0 , 0x8C);       
 142      =1  Sfr (TH1 , 0x8D);       
 143      =1  Sfr (TH2 , 0xCD);       
 144      =1  Sfr (RCAP2L , 0xCA);    
 145      =1  Sfr (RCAP2H , 0xCB);    
 146      =1  Sfr (WDTRST , 0xA6);    
 147      =1  Sfr (WDTPRG , 0xA7);    
 148      =1  
 149      =1  
 150      =1  /*------------------- UART registers ------------------------*/
 151      =1  Sfr (SCON , 0x98);      
 152      =1  Sbit (SM0  , 0x98, 7);
 153      =1  Sbit (FE   , 0x98, 7);
 154      =1  Sbit (SM1  , 0x98, 6);
 155      =1  Sbit (SM2  , 0x98, 5);
 156      =1  Sbit (REN  , 0x98, 4);
 157      =1  Sbit (TB8  , 0x98, 3);
 158      =1  Sbit (RB8  , 0x98, 2);
 159      =1  Sbit (TI   , 0x98, 1);
 160      =1  Sbit (RI   , 0x98, 0);
 161      =1  
 162      =1  Sfr (SBUF , 0x99);      
 163      =1  Sfr (SADEN , 0xB9);     
 164      =1  Sfr (SADDR , 0xA9);     
 165      =1  
 166      =1  /*-------------------- Internal Baud Rate Generator --------*/
 167      =1  Sfr (BRL        , 0x9A);      
 168      =1  Sfr (BDRCON , 0x9B);      
 169      =1  
 170      =1  
 171      =1  
 172      =1  /*-------------------- IT registers -----------------------*/
 173      =1  Sfr (IEN0  , 0xA8);      
 174      =1  Sfr (IEN1  , 0xB1);      
 175      =1  Sfr (IPH0 , 0xB7);      
 176      =1  Sfr (IPH1 , 0xB3);      
 177      =1  Sfr (IPL0 , 0xB8);      
 178      =1  Sfr (IPL1 , 0xB2);      
C51 COMPILER V7.50   REAL_LCD                                                              04/01/2019 19:37:39 PAGE 4   

 179      =1  
 180      =1  
 181      =1  
 182      =1  /*  IEN0  */
 183      =1  Sbit (EA   , 0xA8, 7);
 184      =1  Sbit (EC   , 0xA8, 6);
 185      =1  Sbit (ET2  , 0xA8, 5);
 186      =1  Sbit (ES   , 0xA8, 4);
 187      =1  Sbit (ET1  , 0xA8, 3);
 188      =1  Sbit (EX1  , 0xA8, 2);
 189      =1  Sbit (ET0  , 0xA8, 1);
 190      =1  Sbit (EX0  , 0xA8, 0);
 191      =1  
 192      =1  
 193      =1  /*--------------------- PCA registers -----------------------------*/
 194      =1  Sfr (CCON , 0xD8);      
 195      =1  Sfr (CMOD , 0xD9);      
 196      =1  Sfr (CH , 0xF9);        
 197      =1  Sfr (CL , 0xE9);        
 198      =1  Sfr (CCAP0H  , 0xFA);   
 199      =1  Sfr (CCAP0L  , 0xEA);   
 200      =1  Sfr (CCAPM0  , 0xDA);   
 201      =1  Sfr (CCAP1H  , 0xFB);   
 202      =1  Sfr (CCAP1L  , 0xEB);   
 203      =1  Sfr (CCAPM1  , 0xDB);   
 204      =1  Sfr (CCAP2H  , 0xFC);   
 205      =1  Sfr (CCAP2L  , 0xEC);   
 206      =1  Sfr (CCAPM2  , 0xDC);   
 207      =1  Sfr (CCAP3H  , 0xFD);   
 208      =1  Sfr (CCAP3L  , 0xED);   
 209      =1  Sfr (CCAPM3  , 0xDD);   
 210      =1  Sfr (CCAP4H  , 0xFE);   
 211      =1  Sfr (CCAP4L  , 0xEE);   
 212      =1  Sfr (CCAPM4  , 0xDE);   
 213      =1  /* CCON */
 214      =1  Sbit (CF   , 0xD8, 7);
 215      =1  Sbit (CR   , 0xD8, 6);
 216      =1  
 217      =1  Sbit (CCF4   , 0xD8, 4);
 218      =1  Sbit (CCF3  , 0xD8, 3);
 219      =1  Sbit (CCF2  , 0xD8, 2);
 220      =1  Sbit (CCF1  , 0xD8, 1);
 221      =1  Sbit (CCF0  , 0xD8, 0);
 222      =1  
 223      =1  
 224      =1  /*------------------ T W I registers ------------------------------*/
 225      =1  Sfr ( SSCON , 0x93);
 226      =1  Sfr ( SSCS , 0x94);
 227      =1  Sfr ( SSDAT , 0x95);
 228      =1  Sfr ( SSADR , 0x96);
 229      =1  Sfr ( PI2       , 0xF8);        
 230      =1  Sbit (PI2_1  , 0xF8, 1);
 231      =1  Sbit (PI2_0  , 0xF8, 0);
 232      =1  
 233      =1  /*-------------------- OSC control registers ----------------------*/
 234      =1  Sfr ( CKSEL , 0x85 );
 235      =1  Sfr ( OSCCON , 0x86 );
 236      =1  Sfr ( CKRL , 0x97 );
 237      =1  
 238      =1  /*-------------------- Keyboard control registers -----------------*/
 239      =1  Sfr ( KBLS , 0x9C );
 240      =1  Sfr ( KBE , 0x9D );
C51 COMPILER V7.50   REAL_LCD                                                              04/01/2019 19:37:39 PAGE 5   

 241      =1  Sfr ( KBF , 0x9E );
 242      =1  /*-------------------- SPI ---------------------- -----------------*/
 243      =1  Sfr ( SPCON, 0xC3 );
 244      =1  Sfr ( SPSTA, 0xC4 );
 245      =1  Sfr ( SPDAT, 0xC5 );
 246      =1  
 247      =1  /*------ Misc ----------------------------------------------------*/
 248      =1  Sfr     ( AUXR , 0x8E);
 249      =1  Sfr ( AUXR1, 0xA2);
 250      =1  Sfr ( FCON, 0xD1);
 251      =1  
 252      =1  
 253      =1  /*------ E data --------------------------------------------------*/
 254      =1  
 255      =1  Sfr ( EECON,  0xD2 );
 256      =1  
 257      =1  
 258      =1  
 259      =1  
 260      =1  
 261      =1  
 262      =1  
 263      =1  
 264      =1  
   2          extern void lcd_comm(void);
   3          extern void wr_cn(void);
   4          extern void wr_dn(void);
   5          void delay(unsigned int);
   6          
   7          extern unsigned char temp1;
   8          extern unsigned char temp2;
   9          unsigned char var;      
  10          
  11          void lcd_init(void)
  12          {
  13   1              temp1=0x30;             //Set P2.4=1(VCC) and P2.5=1(R'/W)
  14   1              wr_cn();
  15   1              delay(500);
  16   1              
  17   1              temp1=0x28;             //4-bit, 2 lines and 5*7 matrix
  18   1              lcd_comm();
  19   1              delay(500);
  20   1              
  21   1              temp1=0x0f;             //display on,cursor on, curosr blinking
  22   1              lcd_comm();
  23   1              delay(500);
  24   1              
  25   1              temp1=0x06;
  26   1              lcd_comm();
  27   1              delay(500);
  28   1              
  29   1              temp1=0x80;
  30   1              lcd_comm();
  31   1              delay(500);
  32   1              
  33   1      }
  34          
  35          void lcd_comm(void)
  36          {
  37   1              var=temp1;
  38   1              temp1=temp1&0xf0;
  39   1              temp1=temp1>>4;
C51 COMPILER V7.50   REAL_LCD                                                              04/01/2019 19:37:39 PAGE 6   

  40   1              wr_cn();
  41   1              
  42   1              temp1=var&0x0f;
  43   1              wr_cn();
  44   1              delay(60);
  45   1      }
  46          
  47          void lcd_data(void)
  48          {
  49   1              var=temp2;
  50   1              temp2=temp2&0xf0;
  51   1              temp2=temp2>>4;
  52   1              wr_dn();
  53   1              
  54   1              temp2=var&0x0f;
  55   1              wr_dn();
  56   1              
  57   1              delay(60);
  58   1      }
  59          
  60          void wr_cn(void)
  61          {
  62   1              temp1=temp1&0x7f;
  63   1              temp1=temp1|0x40;
  64   1              P2=temp1;
  65   1              delay(450);
  66   1              temp1=temp1&0xbf;
  67   1              P2=temp1;
  68   1      }
  69          
  70          void wr_dn(void)
  71          {
  72   1              temp2=temp2|0xc0;
  73   1              temp2=temp2&0xdf;
  74   1              P2=temp2;
  75   1              
  76   1              delay(450);
  77   1              
  78   1              temp2=temp2&0xbf;
  79   1              P2=temp2;
  80   1      }
  81          
  82          void clear_lcd(void)
  83          {
  84   1              temp1=0x01;
  85   1              lcd_comm();
  86   1              delay(500);     
  87   1      }
  88          
  89          void delay(unsigned int count)
  90          {
  91   1              unsigned int i;
  92   1              for(i=0;i<count;i++);
  93   1      }
C51 COMPILER V7.50   REAL_LCD                                                              04/01/2019 19:37:39 PAGE 7   

ASSEMBLY LISTING OF GENERATED OBJECT CODE


             ; FUNCTION lcd_init (BEGIN)
                                           ; SOURCE LINE # 11
                                           ; SOURCE LINE # 12
                                           ; SOURCE LINE # 13
0000 750030      E     MOV     temp1,#030H
                                           ; SOURCE LINE # 14
0003 120000      R     LCALL   wr_cn
                                           ; SOURCE LINE # 15
0006 120000      R     LCALL   L?0012
                                           ; SOURCE LINE # 17
0009 750028      E     MOV     temp1,#028H
                                           ; SOURCE LINE # 18
000C 120000      R     LCALL   lcd_comm
                                           ; SOURCE LINE # 19
000F 120000      R     LCALL   L?0012
                                           ; SOURCE LINE # 21
0012 75000F      E     MOV     temp1,#0FH
                                           ; SOURCE LINE # 22
0015 120000      R     LCALL   lcd_comm
                                           ; SOURCE LINE # 23
0018 120000      R     LCALL   L?0013
                                           ; SOURCE LINE # 25
001B 750006      E     MOV     temp1,#06H
                                           ; SOURCE LINE # 26
001E 120000      R     LCALL   lcd_comm
                                           ; SOURCE LINE # 27
0021 120000      R     LCALL   L?0013
                                           ; SOURCE LINE # 29
0024 750080      E     MOV     temp1,#080H
                                           ; SOURCE LINE # 30
0027 120000      R     LCALL   lcd_comm
                                           ; SOURCE LINE # 31
002A 7FF4              MOV     R7,#0F4H
002C 7E01              MOV     R6,#01H
002E 020000      R     LJMP    _delay
             ; FUNCTION lcd_init (END)

             ; FUNCTION lcd_comm (BEGIN)
                                           ; SOURCE LINE # 35
                                           ; SOURCE LINE # 36
                                           ; SOURCE LINE # 37
0000 850000      R     MOV     var,temp1
                                           ; SOURCE LINE # 38
0003 5300F0      E     ANL     temp1,#0F0H
                                           ; SOURCE LINE # 39
0006 E500        E     MOV     A,temp1
0008 C4                SWAP    A
0009 540F              ANL     A,#0FH
000B F500        E     MOV     temp1,A
                                           ; SOURCE LINE # 40
000D 120000      R     LCALL   wr_cn
                                           ; SOURCE LINE # 42
0010 E500        R     MOV     A,var
0012 540F              ANL     A,#0FH
0014 F500        E     MOV     temp1,A
                                           ; SOURCE LINE # 43
0016 120000      R     LCALL   wr_cn
                                           ; SOURCE LINE # 44
0019 7F3C              MOV     R7,#03CH
C51 COMPILER V7.50   REAL_LCD                                                              04/01/2019 19:37:39 PAGE 8   

001B 7E00              MOV     R6,#00H
001D 020000      R     LJMP    _delay
             ; FUNCTION lcd_comm (END)

             ; FUNCTION lcd_data (BEGIN)
                                           ; SOURCE LINE # 47
                                           ; SOURCE LINE # 48
                                           ; SOURCE LINE # 49
0000 850000      R     MOV     var,temp2
                                           ; SOURCE LINE # 50
0003 5300F0      E     ANL     temp2,#0F0H
                                           ; SOURCE LINE # 51
0006 E500        E     MOV     A,temp2
0008 C4                SWAP    A
0009 540F              ANL     A,#0FH
000B F500        E     MOV     temp2,A
                                           ; SOURCE LINE # 52
000D 120000      R     LCALL   wr_dn
                                           ; SOURCE LINE # 54
0010 E500        R     MOV     A,var
0012 540F              ANL     A,#0FH
0014 F500        E     MOV     temp2,A
                                           ; SOURCE LINE # 55
0016 120000      R     LCALL   wr_dn
                                           ; SOURCE LINE # 57
0019 7F3C              MOV     R7,#03CH
001B 7E00              MOV     R6,#00H
001D 020000      R     LJMP    _delay
             ; FUNCTION lcd_data (END)

             ; FUNCTION wr_cn (BEGIN)
                                           ; SOURCE LINE # 60
                                           ; SOURCE LINE # 61
                                           ; SOURCE LINE # 62
0000 53007F      E     ANL     temp1,#07FH
                                           ; SOURCE LINE # 63
0003 430040      E     ORL     temp1,#040H
                                           ; SOURCE LINE # 64
0006 8500A0      E     MOV     P2,temp1
                                           ; SOURCE LINE # 65
0009 7FC2              MOV     R7,#0C2H
000B 7E01              MOV     R6,#01H
000D 120000      R     LCALL   _delay
                                           ; SOURCE LINE # 66
0010 5300BF      E     ANL     temp1,#0BFH
                                           ; SOURCE LINE # 67
0013 8500A0      E     MOV     P2,temp1
                                           ; SOURCE LINE # 68
0016 22                RET     
             ; FUNCTION wr_cn (END)

             ; FUNCTION wr_dn (BEGIN)
                                           ; SOURCE LINE # 70
                                           ; SOURCE LINE # 71
                                           ; SOURCE LINE # 72
0000 4300C0      E     ORL     temp2,#0C0H
                                           ; SOURCE LINE # 73
0003 5300DF      E     ANL     temp2,#0DFH
                                           ; SOURCE LINE # 74
0006 8500A0      E     MOV     P2,temp2
                                           ; SOURCE LINE # 76
0009 7FC2              MOV     R7,#0C2H
C51 COMPILER V7.50   REAL_LCD                                                              04/01/2019 19:37:39 PAGE 9   

000B 7E01              MOV     R6,#01H
000D 120000      R     LCALL   _delay
                                           ; SOURCE LINE # 78
0010 5300BF      E     ANL     temp2,#0BFH
                                           ; SOURCE LINE # 79
0013 8500A0      E     MOV     P2,temp2
                                           ; SOURCE LINE # 80
0016 22                RET     
             ; FUNCTION wr_dn (END)

             ; FUNCTION clear_lcd (BEGIN)
                                           ; SOURCE LINE # 82
                                           ; SOURCE LINE # 83
                                           ; SOURCE LINE # 84
0000 750001      E     MOV     temp1,#01H
                                           ; SOURCE LINE # 85
0003 120000      R     LCALL   lcd_comm
                                           ; SOURCE LINE # 86
0006 7FF4              MOV     R7,#0F4H
0008 7E01              MOV     R6,#01H
000A 020000      R     LJMP    _delay
             ; FUNCTION clear_lcd (END)

             ; FUNCTION L?0012 (BEGIN)
0000         L?0013:
0000 7FF4              MOV     R7,#0F4H
0002 7E01              MOV     R6,#01H
             ; FUNCTION _delay (BEGIN)
                                           ; SOURCE LINE # 89
;---- Variable 'count' assigned to Register 'R6/R7' ----
                                           ; SOURCE LINE # 90
                                           ; SOURCE LINE # 92
;---- Variable 'i' assigned to Register 'R4/R5' ----
0004 E4                CLR     A
0005 FD                MOV     R5,A
0006 FC                MOV     R4,A
0007         ?C0007:
0007 C3                CLR     C
0008 ED                MOV     A,R5
0009 9F                SUBB    A,R7
000A EC                MOV     A,R4
000B 9E                SUBB    A,R6
000C 5007              JNC     ?C0010
000E 0D                INC     R5
000F BD0001            CJNE    R5,#00H,?C0011
0012 0C                INC     R4
0013         ?C0011:
0013 80F2              SJMP    ?C0007
                                           ; SOURCE LINE # 93
0015         ?C0010:
0015 22                RET     
             ; FUNCTION _delay (END)

C51 COMPILER V7.50   REAL_LCD                                                              04/01/2019 19:37:39 PAGE 10  

NAME                                    CLASS   MSPACE  TYPE    OFFSET  SIZE
====                                    =====   ======  ====    ======  ====


P2 . . . . . . . . . . . . . . . . . .  SFR      DATA   U_CHAR   00A0H  1
wr_cn. . . . . . . . . . . . . . . . .  PUBLIC   CODE   PROC     0000H  -----
wr_dn. . . . . . . . . . . . . . . . .  PUBLIC   CODE   PROC     0000H  -----
clear_lcd. . . . . . . . . . . . . . .  PUBLIC   CODE   PROC     0000H  -----
lcd_data . . . . . . . . . . . . . . .  PUBLIC   CODE   PROC     0000H  -----
lcd_comm . . . . . . . . . . . . . . .  PUBLIC   CODE   PROC     0000H  -----
var. . . . . . . . . . . . . . . . . .  PUBLIC   DATA   U_CHAR   0000H  1
lcd_init . . . . . . . . . . . . . . .  PUBLIC   CODE   PROC     0000H  -----
temp1. . . . . . . . . . . . . . . . .  EXTERN   DATA   U_CHAR   -----  1
temp2. . . . . . . . . . . . . . . . .  EXTERN   DATA   U_CHAR   -----  1
_delay . . . . . . . . . . . . . . . .  PUBLIC   CODE   PROC     0004H  -----
  count. . . . . . . . . . . . . . . .  * REG *  DATA   U_INT    0006H  2
  i. . . . . . . . . . . . . . . . . .  * REG *  DATA   U_INT    0004H  2


MODULE INFORMATION:   STATIC OVERLAYABLE
   CODE SIZE        =    194    ----
   CONSTANT SIZE    =   ----    ----
   XDATA SIZE       =   ----    ----
   PDATA SIZE       =   ----    ----
   DATA SIZE        =      1    ----
   IDATA SIZE       =   ----    ----
   BIT SIZE         =   ----    ----
END OF MODULE INFORMATION.


C51 COMPILATION COMPLETE.  0 WARNING(S),  0 ERROR(S)
